<html>
<body>
<pre>
<h1>µVision Build Log</h1>
<h2>Tool Versions:</h2>
IDE-Version: ¦ÌVision V5.25.2.0
Copyright (C) 2018 ARM Ltd and ARM Germany GmbH. All rights reserved.
License Information: j Windows Ó, Microsoft, LIC=EXJT4-F8NNI-DYPV3-ADK0Q-C8LHY-28FVS
 
Tool Versions:
Toolchain:       MDK-ARM Plus  Version: 5.25.2.0
Toolchain Path:  E:\MDK5\ARM\ARMCC\Bin
C Compiler:      Armcc.exe V5.06 update 6 (build 750)
Assembler:       Armasm.exe V5.06 update 6 (build 750)
Linker/Locator:  ArmLink.exe V5.06 update 6 (build 750)
Library Manager: ArmAr.exe V5.06 update 6 (build 750)
Hex Converter:   FromElf.exe V5.06 update 6 (build 750)
CPU DLL:         SARMCM3.DLL V5.25.2.0
Dialog DLL:      DCM.DLL V1.17.1.0
Target DLL:      CMSIS_AGDI.dll V1.29.10.0
Dialog DLL:      TCM.DLL V1.35.1.0
 
<h2>Project:</h2>
E:\×ÀÃæ\0\EPD\3.52\SE0352N01-A0\Code\SE0352N01-A0_ESL_Refresh_OK\USER\EPD.uvprojx
Project File Date:  05/12/2022

<h2>Output:</h2>
*** Using Compiler 'V5.06 update 6 (build 750)', folder: 'E:\MDK5\ARM\ARMCC\Bin'
Rebuild target 'Target 1'
assembling startup_stm32f10x_hd.s...
compiling main.c...
compiling delay.c...
compiling misc.c...
compiling sys.c...
compiling usart.c...
compiling system_stm32f10x.c...
compiling stm32f10x_it.c...
compiling stm32f10x_gpio.c...
compiling stm32f10x_rcc.c...
compiling stm32f10x_usart.c...
compiling Display_EPD_W21.c...
..\HARDWARE\EPD\Display_EPD_W21.c(185): warning:  #550-D: variable "pcnt"  was set but never used
   unsigned int pcnt;
..\HARDWARE\EPD\Display_EPD_W21.c: 1 warning, 0 errors
compiling font8.c...
compiling font12CN.c...
compiling font12.c...
compiling font20.c...
compiling font16.c...
compiling font24.c...
compiling font24CN.c...
compiling GUI_Paint.c...
compiling Display_EPD_W21_spi.c...
compiling core_cm3.c...
linking...
Program Size: Code=5644 RO-data=20784 RW-data=52 ZI-data=1836  
FromELF: creating hex file...
"..\OBJ\EPD.axf" - 0 Error(s), 1 Warning(s).

<h2>Software Packages used:</h2>

Package Vendor: ARM
                http://www.keil.com/pack/ARM.CMSIS.5.3.0.pack
                ARM.CMSIS.5.3.0
                CMSIS (Cortex Microcontroller Software Interface Standard)
   * Component: CORE Version: 5.1.1

Package Vendor: Keil
                http://www.keil.com/pack/Keil.STM32F1xx_DFP.2.3.0.pack
                Keil.STM32F1xx_DFP.2.3.0
                STMicroelectronics STM32F1 Series Device Support, Drivers and Examples

<h2>Collection of Component include folders:</h2>
  .\RTE\_Target_1
  E:\MDK5\PACK\ARM\CMSIS\5.3.0\CMSIS\Include
  E:\MDK5\PACK\Keil\STM32F1xx_DFP\2.3.0\Device\Include

<h2>Collection of Component Files used:</h2>

   * Component: ARM::CMSIS:CORE:5.1.1
Build Time Elapsed:  00:00:02
</pre>
</body>
</html>
