<html>
<body>
<pre>
<h1>µVision Build Log</h1>
<h2>Tool Versions:</h2>
IDE-Version: ¦ÌVision V5.23.0.0
Copyright (C) 2017 ARM Ltd and ARM Germany GmbH. All rights reserved.
License Information: N NZ, mail, LIC=NQQMA-19YZY-LQY0Q-NWVVR-AANN8-P2DFD
 
Tool Versions:
Toolchain:       MDK-ARM Plus  Version: 5.23
Toolchain Path:  C:\Keil_v5\ARM\ARMCC\Bin
C Compiler:      Armcc.exe V5.06 update 4 (build 422)
Assembler:       Armasm.exe V5.06 update 4 (build 422)
Linker/Locator:  ArmLink.exe V5.06 update 4 (build 422)
Library Manager: ArmAr.exe V5.06 update 4 (build 422)
Hex Converter:   FromElf.exe V5.06 update 4 (build 422)
CPU DLL:         SARMCM3.DLL V5.23
Dialog DLL:      DCM.DLL V1.15.0.0
Target DLL:      CMSIS_AGDI.dll V1.27.5.0
Dialog DLL:      TCM.DLL V1.27.0.0
 
<h2>Project:</h2>
C:\Users\NZ\Desktop\SE0352NQ01-A0 WORD\SE0352NQ01-A0\Project\mdk.uvprojx
Project File Date:  05/17/2022

<h2>Output:</h2>
*** Using Compiler 'V5.06 update 4 (build 422)', folder: 'C:\Keil_v5\ARM\ARMCC\Bin'
Rebuild target 'mdk'
assembling startup_stm32f10x_hd.s...
compiling stm32f10x_gpio.c...
compiling stm32f10x_usart.c...
compiling sys.c...
compiling stm32f10x_flash.c...
compiling stm32f10x_iwdg.c...
compiling system_stm32f10x.c...
compiling stm32f10x_rcc.c...
compiling misc.c...
compiling stm32f10x_spi.c...
compiling core_cm3.c...
compiling stm32f10x_pwr.c...
compiling stm32f10x_it.c...
compiling Display_EPD_W21_spi.c...
compiling stm32f10x_tim.c...
compiling main.c...
..\User\main.c(80): warning:  #177-D: variable "i"  was declared but never referenced
  				unsigned int i;
..\User\main.c(459): warning:  #550-D: variable "pcnt"  was set but never used
   unsigned int pcnt;
..\User\main.c: 2 warnings, 0 errors
compiling Display_EPD_W21.c...
linking...
Program Size: Code=6318 RO-data=105262 RW-data=28 ZI-data=1636  
FromELF: creating hex file...
".\Debug\obj\mdk.axf" - 0 Error(s), 2 Warning(s).

<h2>Software Packages used:</h2>

Package Vendor: ARM
                http://www.keil.com/pack/ARM.CMSIS.5.0.1.pack
                ARM::CMSIS:CORE:5.0.1
                CMSIS (Cortex Microcontroller Software Interface Standard)
   * Component: CORE Version: 5.0.1

<h2>Collection of Component include folders:</h2>
  .\RTE\_mdk
  C:\Keil_v5\ARM\PACK\ARM\CMSIS\5.0.1\CMSIS\Include
  C:\Keil_v5\ARM\PACK\Keil\STM32F1xx_DFP\1.0.5\Device\Include

<h2>Collection of Component Files used:</h2>

   * Component: ARM::CMSIS:CORE:5.0.1
Build Time Elapsed:  00:00:01
</pre>
</body>
</html>
