<html>
<body>
<pre>
<h1>µVision Build Log</h1>
<h2>Project:</h2>
E:\DUAN\≤‚ ‘∞Ê&DEMO∞Â\GDE029\GDEW029T5≥Ã–Ú æ¿˝\Project\mdk.uvproj
Project File Date:  07/13/2016

<h2>Output:</h2>
Build target 'mdk'
compiling main.c...
linking...
Program Size: Code=5144 RO-data=9808 RW-data=32 ZI-data=1632  
FromELF: creating hex file...
".\Debug\obj\mdk.axf" - 0 Error(s), 0 Warning(s).
Load "E:\\DUAN\\≤‚ ‘∞Ê&DEMO∞Â\\GDE029\\GDEW029T5≥Ã–Ú æ¿˝\\Project\\Debug\\obj\\mdk.AXF" 
* JLink Info: Device "STM32F103C8" selected (64 KB flash, 20 KB RAM).
Set JLink Project File to "E:\DUAN\≤‚ ‘∞Ê&DEMO∞Â\GDE029\GDEW029T5≥Ã–Ú æ¿˝\Project\JLinkSettings.ini"
 
JLink info:
------------
DLL: V4.35b, compiled Sep  2 2011 18:34:46
Firmware: J-Link V9 compiled Feb 20 2015 09:20:19
Hardware: V9.20
Feature(s) : GDB, RDI, FlashBP, FlashDL, JFlash 
 
* JLink Info: TotalIRLen = 9, IRPrint = 0x0011
* JLink Info: Found Cortex-M3 r1p1, Little endian.
* JLink Info: TPIU fitted.
* JLink Info:   FPUnit: 6 code (BP) slots and 2 literal slots
ROMTableAddr = 0xE00FF003
* JLink Info: TotalIRLen = 9, IRPrint = 0x0011
* JLink Info: Found Cortex-M3 r1p1, Little endian.
* JLink Info: TPIU fitted.
* JLink Info:   FPUnit: 6 code (BP) slots and 2 literal slots
 
Target info:
------------
Device: STM32F103C8
VTarget = 3.288V
State of Pins: 
TCK: 1, TDI: 0, TDO: 0, TMS: 0, TRES: 1, TRST: 1
Hardware-Breakpoints: 6
Software-Breakpoints: 8192
Watchpoints:          4
JTAG speed: 2000 kHz
 
Erase Done.
Programming Done.
Verify OK.
